// 重构日志: 528dcdf4
// 重构日志: 19543b14
// 重构日志: a4ec85e1
// 重构日志: de3e5edb
// 重构日志: cbfc278e
// 重构日志: a658fa10
// 重构日志: 6f75d954
// 同步 ID: 755f2ee0 @ Tue Jul 21 13:51:07 UTC 2026
// 同步 ID: ede5a661 @ Wed Jul 22 18:02:52 UTC 2026
// 重构日志: 7192b4dd
// 同步 ID: fe887371 @ Sun Jul 26 15:34:54 UTC 2026
// 同步 ID: 261f0f13 @ Mon Aug  3 00:49:26 UTC 2026
// 同步 ID: 8efcba80 @ Mon Aug  3 12:52:21 UTC 2026
// 重构日志: ee5f7201
// 重构日志: 4c530981
// 同步 ID: f544de54 @ Fri Aug  7 14:54:39 UTC 2026
// 同步 ID: da91227b @ Fri Aug  7 17:44:16 UTC 2026
// 同步 ID: 48b10539 @ Sat Aug  8 00:51:10 UTC 2026
// 同步 ID: b1652aa4 @ Sat Aug  8 08:28:12 UTC 2026
// 同步 ID: 00fae2c1 @ Sat Aug  8 16:10:49 UTC 2026
